******************************************************************************
                  MSP430 Linker PC v20.2.0                     
******************************************************************************
>> Linked Wed Jun  3 18:11:15 2020

OUTPUT FILE NAME:   <P6 WD NMI Interrupt For LED2.out>
ENTRY POINT SYMBOL: "_c_int00_noargs"  address: 0000cc98


MEMORY CONFIGURATION

         name            origin    length      used     unused   attr    fill
----------------------  --------  ---------  --------  --------  ----  --------
  SFR                   00000000   00000010  00000000  00000010  RWIX
  PERIPHERALS_8BIT      00000010   000000f0  00000000  000000f0  RWIX
  PERIPHERALS_16BIT     00000100   00000100  00000000  00000100  RWIX
  RAM                   00000200   00000200  00000054  000001ac  RWIX
  INFOD                 00001000   00000040  00000000  00000040  RWIX
  INFOC                 00001040   00000040  00000000  00000040  RWIX
  INFOB                 00001080   00000040  00000000  00000040  RWIX
  INFOA                 000010c0   00000040  00000000  00000040  RWIX
  FLASH                 0000c000   00003fde  00000dc4  0000321a  RWIX
  BSLSIGNATURE          0000ffde   00000002  00000002  00000000  RWIX  ffff 
  INT00                 0000ffe0   00000002  00000002  00000000  RWIX
  INT01                 0000ffe2   00000002  00000000  00000002  RWIX
  INT02                 0000ffe4   00000002  00000002  00000000  RWIX
  INT03                 0000ffe6   00000002  00000002  00000000  RWIX
  INT04                 0000ffe8   00000002  00000000  00000002  RWIX
  INT05                 0000ffea   00000002  00000002  00000000  RWIX
  INT06                 0000ffec   00000002  00000002  00000000  RWIX
  INT07                 0000ffee   00000002  00000002  00000000  RWIX
  INT08                 0000fff0   00000002  00000002  00000000  RWIX
  INT09                 0000fff2   00000002  00000002  00000000  RWIX
  INT10                 0000fff4   00000002  00000002  00000000  RWIX
  INT11                 0000fff6   00000002  00000002  00000000  RWIX
  INT12                 0000fff8   00000002  00000002  00000000  RWIX
  INT13                 0000fffa   00000002  00000002  00000000  RWIX
  INT14                 0000fffc   00000002  00000002  00000000  RWIX
  RESET                 0000fffe   00000002  00000002  00000000  RWIX


SECTION ALLOCATION MAP

 output                                  attributes/
section   page    origin      length       input sections
--------  ----  ----------  ----------   ----------------
.data      0    00000200    00000004     UNINITIALIZED
                  00000200    00000004     main.obj (.data)

.stack     0    000003b0    00000050     UNINITIALIZED
                  000003b0    00000002     rts430_eabi.lib : boot.c.obj (.stack)
                  000003b2    0000004e     --HOLE--

.text      0    0000c000    00000db4     
                  0000c000    000002fa     rts430_eabi.lib : addd.c.obj (.text:__mspabi_addd)
                  0000c2fa    00000260                     : frcaddd.c.obj (.text:__TI_frcaddd)
                  0000c55a    000000dc                     : cmpd.c.obj (.text:__mspabi_cmpd)
                  0000c636    000000be                     : renormd.c.obj (.text:__TI_renormd)
                  0000c6f4    000000ac                     : fltlid.c.obj (.text:__mspabi_fltlid)
                  0000c7a0    0000007c     main.obj (.text:Delay_us)
                  0000c81c    0000007c     rts430_eabi.lib : copy_decompress_lzss.c.obj (.text:decompress:lzss:__TI_decompress_lzss)
                  0000c898    00000062     main.obj (.text:MCLK_Init)
                  0000c8fa    0000005c     rts430_eabi.lib : lsr32.asm.obj (.text:l_lsr_const)
                  0000c956    00000058                     : div32u.asm.obj (.text)
                  0000c9ae    0000004c     main.obj (.text:MCLK_DIV)
                  0000c9fa    0000004c     rts430_eabi.lib : lsr16.asm.obj (.text)
                  0000ca46    00000042                     : autoinit.c.obj (.text:__TI_auto_init_nobinit_nopinit:__TI_auto_init_nobinit_nopinit)
                  0000ca88    00000040                     : div32s.asm.obj (.text)
                  0000cac8    0000003e                     : lsl32.asm.obj (.text:l_lsl_const)
                  0000cb06    00000036     main.obj (.text:BCS_Init)
                  0000cb3c    00000032     main.obj (.text:DCO_Adjust)
                  0000cb6e    00000030     main.obj (.text:ACLK_DIV)
                  0000cb9e    0000002e     rts430_eabi.lib : subd.c.obj (.text:__mspabi_subd)
                  0000cbcc    0000002c     main.obj (.text:SMCLK_DIV)
                  0000cbf8    0000002c     rts430_eabi.lib : asr16.asm.obj (.text)
                  0000cc24    0000002c                     : lsl16.asm.obj (.text)
                  0000cc50    0000002a     main.obj (.text:main)
                  0000cc7a    0000001e     main.obj (.text:P1_Interrupt)
                  0000cc98    0000001c     rts430_eabi.lib : boot.c.obj (.text:_c_int00_noargs)
                  0000ccb4    0000001a     main.obj (.text:NMI_Interrupt)
                  0000ccce    0000001a     main.obj (.text:WDT_Interrupt)
                  0000cce8    00000016     main.obj (.text:GPIO_Interrupt_Scan)
                  0000ccfe    00000014     main.obj (.text:GPIO_Init)
                  0000cd12    00000012     rts430_eabi.lib : copy_decompress_none.c.obj (.text:decompress:none:__TI_decompress_none)
                  0000cd24    00000012                     : lsr32.asm.obj (.text:l_lsr)
                  0000cd36    00000012                     : memcpy.c.obj (.text:memcpy)
                  0000cd48    00000010                     : asr32.asm.obj (.text:l_asr)
                  0000cd58    00000010                     : lsl32.asm.obj (.text:l_lsl)
                  0000cd68    00000010                     : epilog.asm.obj (.text)
                  0000cd78    0000000e     main.obj (.text:NMI_Interrupt_Init)
                  0000cd86    0000000c     main.obj (.text:ACLK_Init)
                  0000cd92    00000008     main.obj (.text:NMI_Interrupt_Function)
                  0000cd9a    00000008     rts430_eabi.lib : isr_trap.asm.obj (.text:_isr:__TI_ISR_TRAP)
                  0000cda2    00000006     main.obj (.text:WDT_Interrupt_Function)
                  0000cda8    00000006     rts430_eabi.lib : exit.c.obj (.text:abort)
                  0000cdae    00000004                     : pre_init.c.obj (.text:_system_pre_init)
                  0000cdb2    00000002                     : startup.c.obj (.text:_system_post_cinit)

.cinit     0    0000cdb4    00000010     
                  0000cdb4    00000007     (.cinit..data.load) [load image, compression = lzss]
                  0000cdbb    00000001     --HOLE-- [fill = 0]
                  0000cdbc    00000004     (__TI_handler_table)
                  0000cdc0    00000004     (__TI_cinit_table)

.binit     0    0000c000    00000000     

.init_array 
*          0    0000c000    00000000     UNINITIALIZED

TRAPINT    0    0000ffe0    00000002     
                  0000ffe0    00000002     rts430_eabi.lib : int00.asm.obj (.int00)

PORT1      0    0000ffe4    00000002     
                  0000ffe4    00000002     main.obj (.int02)

PORT2      0    0000ffe6    00000002     
                  0000ffe6    00000002     rts430_eabi.lib : int03.asm.obj (.int03)

ADC10      0    0000ffea    00000002     
                  0000ffea    00000002     rts430_eabi.lib : int05.asm.obj (.int05)

USCIAB0TX 
*          0    0000ffec    00000002     
                  0000ffec    00000002     rts430_eabi.lib : int06.asm.obj (.int06)

USCIAB0RX 
*          0    0000ffee    00000002     
                  0000ffee    00000002     rts430_eabi.lib : int07.asm.obj (.int07)

TIMER0_A1 
*          0    0000fff0    00000002     
                  0000fff0    00000002     rts430_eabi.lib : int08.asm.obj (.int08)

TIMER0_A0 
*          0    0000fff2    00000002     
                  0000fff2    00000002     rts430_eabi.lib : int09.asm.obj (.int09)

WDT        0    0000fff4    00000002     
                  0000fff4    00000002     main.obj (.int10)

COMPARATORA 
*          0    0000fff6    00000002     
                  0000fff6    00000002     rts430_eabi.lib : int11.asm.obj (.int11)

TIMER1_A1 
*          0    0000fff8    00000002     
                  0000fff8    00000002     rts430_eabi.lib : int12.asm.obj (.int12)

TIMER1_A0 
*          0    0000fffa    00000002     
                  0000fffa    00000002     rts430_eabi.lib : int13.asm.obj (.int13)

NMI        0    0000fffc    00000002     
                  0000fffc    00000002     main.obj (.int14)

.reset     0    0000fffe    00000002     
                  0000fffe    00000002     rts430_eabi.lib : boot.c.obj (.reset)

$fill000   0    0000ffde    00000002     
                  0000ffde    00000002     --HOLE-- [fill = ffff]

MODULE SUMMARY

       Module                       code   ro data   rw data
       ------                       ----   -------   -------
    .\
       main.obj                     700    6         4      
    +--+----------------------------+------+---------+---------+
       Total:                       700    6         4      
                                                            
    C:\CCS\CCS_CODE\ccs\tools\compiler\ti-cgt-msp430_20.2.0.LTS\lib\rts430_eabi.lib
       addd.c.obj                   762    0         0      
       frcaddd.c.obj                608    0         0      
       cmpd.c.obj                   220    0         0      
       renormd.c.obj                190    0         0      
       fltlid.c.obj                 172    0         0      
       copy_decompress_lzss.c.obj   124    0         0      
       lsr32.asm.obj                110    0         0      
       div32u.asm.obj               88     0         0      
       lsl32.asm.obj                78     0         0      
       lsr16.asm.obj                76     0         0      
       autoinit.c.obj               66     0         0      
       div32s.asm.obj               64     0         0      
       subd.c.obj                   46     0         0      
       asr16.asm.obj                44     0         0      
       lsl16.asm.obj                44     0         0      
       boot.c.obj                   28     2         0      
       copy_decompress_none.c.obj   18     0         0      
       memcpy.c.obj                 18     0         0      
       asr32.asm.obj                16     0         0      
       epilog.asm.obj               16     0         0      
       isr_trap.asm.obj             8      0         0      
       exit.c.obj                   6      0         0      
       pre_init.c.obj               4      0         0      
       int00.asm.obj                0      2         0      
       int03.asm.obj                0      2         0      
       int05.asm.obj                0      2         0      
       int06.asm.obj                0      2         0      
       int07.asm.obj                0      2         0      
       int08.asm.obj                0      2         0      
       int09.asm.obj                0      2         0      
       int11.asm.obj                0      2         0      
       int12.asm.obj                0      2         0      
       int13.asm.obj                0      2         0      
       startup.c.obj                2      0         0      
    +--+----------------------------+------+---------+---------+
       Total:                       2808   22        0      
                                                            
       Stack:                       0      0         80     
       Linker Generated:            0      15        0      
    +--+----------------------------+------+---------+---------+
       Grand Total:                 3508   43        84     


LINKER GENERATED COPY TABLES

__TI_cinit_table @ 0000cdc0 records: 1, size/record: 4, table size: 4
	.data: load addr=0000cdb4, load size=00000007 bytes, run addr=00000200, run size=00000004 bytes, compression=lzss


LINKER GENERATED HANDLER TABLE

__TI_handler_table @ 0000cdbc records: 2, size/record: 2, table size: 4
	index: 0, handler: __TI_decompress_lzss
	index: 1, handler: __TI_decompress_none


GLOBAL SYMBOLS: SORTED ALPHABETICALLY BY Name 

address   name                          
-------   ----                          
0000cb6e  ACLK_DIV                      
0000cd86  ACLK_Init                     
0000004a  ADC10AE0                      
000001b0  ADC10CTL0                     
000001b2  ADC10CTL1                     
00000048  ADC10DTC0                     
00000049  ADC10DTC1                     
000001b4  ADC10MEM                      
000001bc  ADC10SA                       
00000057  BCSCTL1                       
00000058  BCSCTL2                       
00000053  BCSCTL3                       
0000cb06  BCS_Init                      
0000cda8  C$$EXIT                       
00000059  CACTL1                        
0000005a  CACTL2                        
000010fb  CALBC1_12MHZ                  
000010f9  CALBC1_16MHZ                  
000010ff  CALBC1_1MHZ                   
000010fd  CALBC1_8MHZ                   
000010fa  CALDCO_12MHZ                  
000010f8  CALDCO_16MHZ                  
000010fe  CALDCO_1MHZ                   
000010fc  CALDCO_8MHZ                   
0000005b  CAPD                          
00000200  CPU_freq                      
00000056  DCOCTL                        
0000cb3c  DCO_Adjust                    
0000c7a0  Delay_us                      
00000128  FCTL1                         
0000012a  FCTL2                         
0000012c  FCTL3                         
0000ccfe  GPIO_Init                     
0000cce8  GPIO_Interrupt_Scan           
00000000  IE1                           
00000001  IE2                           
00000002  IFG1                          
00000003  IFG2                          
0000c9ae  MCLK_DIV                      
0000c898  MCLK_Init                     
0000ccb4  NMI_Interrupt                 
0000cd92  NMI_Interrupt_Function        
0000cd78  NMI_Interrupt_Init            
00000022  P1DIR                         
00000025  P1IE                          
00000024  P1IES                         
00000023  P1IFG                         
00000020  P1IN                          
00000021  P1OUT                         
00000027  P1REN                         
00000026  P1SEL                         
00000041  P1SEL2                        
0000cc7a  P1_Interrupt                  
0000002a  P2DIR                         
0000002d  P2IE                          
0000002c  P2IES                         
0000002b  P2IFG                         
00000028  P2IN                          
00000029  P2OUT                         
0000002f  P2REN                         
0000002e  P2SEL                         
00000042  P2SEL2                        
0000001a  P3DIR                         
00000018  P3IN                          
00000019  P3OUT                         
00000010  P3REN                         
0000001b  P3SEL                         
00000043  P3SEL2                        
0000cbcc  SMCLK_DIV                     
00000172  TA0CCR0                       
00000174  TA0CCR1                       
00000176  TA0CCR2                       
00000162  TA0CCTL0                      
00000164  TA0CCTL1                      
00000166  TA0CCTL2                      
00000160  TA0CTL                        
0000012e  TA0IV                         
00000170  TA0R                          
00000192  TA1CCR0                       
00000194  TA1CCR1                       
00000196  TA1CCR2                       
00000182  TA1CCTL0                      
00000184  TA1CCTL1                      
00000186  TA1CCTL2                      
00000180  TA1CTL                        
0000011e  TA1IV                         
00000190  TA1R                          
000010db  TLV_ADC10_1_LEN               
000010da  TLV_ADC10_1_TAG               
000010c0  TLV_CHECKSUM                  
000010f7  TLV_DCO_30_LEN                
000010f6  TLV_DCO_30_TAG                
0000005d  UCA0ABCTL                     
00000062  UCA0BR0                       
00000063  UCA0BR1                       
00000060  UCA0CTL0                      
00000061  UCA0CTL1                      
0000005f  UCA0IRRCTL                    
0000005e  UCA0IRTCTL                    
00000064  UCA0MCTL                      
00000066  UCA0RXBUF                     
00000065  UCA0STAT                      
00000067  UCA0TXBUF                     
0000006a  UCB0BR0                       
0000006b  UCB0BR1                       
00000068  UCB0CTL0                      
00000069  UCB0CTL1                      
0000006c  UCB0I2CIE                     
00000118  UCB0I2COA                     
0000011a  UCB0I2CSA                     
0000006e  UCB0RXBUF                     
0000006d  UCB0STAT                      
0000006f  UCB0TXBUF                     
00000120  WDTCTL                        
0000ccce  WDT_Interrupt                 
0000cda2  WDT_Interrupt_Function        
00000400  __STACK_END                   
00000050  __STACK_SIZE                  
0000cdc0  __TI_CINIT_Base               
0000cdc4  __TI_CINIT_Limit              
0000cdbc  __TI_Handler_Table_Base       
0000cdc0  __TI_Handler_Table_Limit      
0000cd9a  __TI_ISR_TRAP                 
0000ca46  __TI_auto_init_nobinit_nopinit
0000c81c  __TI_decompress_lzss          
0000cd12  __TI_decompress_none          
0000c2fa  __TI_frcaddd                  
0000ffe0  __TI_int00                    
0000ffe4  __TI_int02                    
0000ffe6  __TI_int03                    
0000ffea  __TI_int05                    
0000ffec  __TI_int06                    
0000ffee  __TI_int07                    
0000fff0  __TI_int08                    
0000fff2  __TI_int09                    
0000fff4  __TI_int10                    
0000fff6  __TI_int11                    
0000fff8  __TI_int12                    
0000fffa  __TI_int13                    
0000fffc  __TI_int14                    
ffffffff  __TI_pprof_out_hndl           
ffffffff  __TI_prof_data_size           
ffffffff  __TI_prof_data_start          
0000c636  __TI_renormd                  
ffffffff  __c_args__                    
0000c000  __mspabi_addd                 
0000c55a  __mspabi_cmpd                 
0000ca88  __mspabi_divli                
0000c956  __mspabi_divul                
0000c6f4  __mspabi_fltlid               
0000cd74  __mspabi_func_epilog_1        
0000cd72  __mspabi_func_epilog_2        
0000cd70  __mspabi_func_epilog_3        
0000cd6e  __mspabi_func_epilog_4        
0000cd6c  __mspabi_func_epilog_5        
0000cd6a  __mspabi_func_epilog_6        
0000cd68  __mspabi_func_epilog_7        
0000ca88  __mspabi_remli                
0000c956  __mspabi_remul                
0000cc24  __mspabi_slli                 
0000cc4c  __mspabi_slli_1               
0000cc3a  __mspabi_slli_10              
0000cc38  __mspabi_slli_11              
0000cc36  __mspabi_slli_12              
0000cc34  __mspabi_slli_13              
0000cc32  __mspabi_slli_14              
0000cc30  __mspabi_slli_15              
0000cc4a  __mspabi_slli_2               
0000cc48  __mspabi_slli_3               
0000cc46  __mspabi_slli_4               
0000cc44  __mspabi_slli_5               
0000cc42  __mspabi_slli_6               
0000cc40  __mspabi_slli_7               
0000cc3e  __mspabi_slli_8               
0000cc3c  __mspabi_slli_9               
0000cd58  __mspabi_slll                 
0000cb00  __mspabi_slll_1               
0000cadc  __mspabi_slll_10              
0000cad8  __mspabi_slll_11              
0000cad4  __mspabi_slll_12              
0000cad0  __mspabi_slll_13              
0000cacc  __mspabi_slll_14              
0000cac8  __mspabi_slll_15              
0000cafc  __mspabi_slll_2               
0000caf8  __mspabi_slll_3               
0000caf4  __mspabi_slll_4               
0000caf0  __mspabi_slll_5               
0000caec  __mspabi_slll_6               
0000cae8  __mspabi_slll_7               
0000cae4  __mspabi_slll_8               
0000cae0  __mspabi_slll_9               
0000cbf8  __mspabi_srai                 
0000cc20  __mspabi_srai_1               
0000cc0e  __mspabi_srai_10              
0000cc0c  __mspabi_srai_11              
0000cc0a  __mspabi_srai_12              
0000cc08  __mspabi_srai_13              
0000cc06  __mspabi_srai_14              
0000cc04  __mspabi_srai_15              
0000cc1e  __mspabi_srai_2               
0000cc1c  __mspabi_srai_3               
0000cc1a  __mspabi_srai_4               
0000cc18  __mspabi_srai_5               
0000cc16  __mspabi_srai_6               
0000cc14  __mspabi_srai_7               
0000cc12  __mspabi_srai_8               
0000cc10  __mspabi_srai_9               
0000cd48  __mspabi_sral                 
0000c9fa  __mspabi_srli                 
0000ca40  __mspabi_srli_1               
0000ca1c  __mspabi_srli_10              
0000ca18  __mspabi_srli_11              
0000ca14  __mspabi_srli_12              
0000ca10  __mspabi_srli_13              
0000ca0c  __mspabi_srli_14              
0000ca08  __mspabi_srli_15              
0000ca3c  __mspabi_srli_2               
0000ca38  __mspabi_srli_3               
0000ca34  __mspabi_srli_4               
0000ca30  __mspabi_srli_5               
0000ca2c  __mspabi_srli_6               
0000ca28  __mspabi_srli_7               
0000ca24  __mspabi_srli_8               
0000ca20  __mspabi_srli_9               
0000cd24  __mspabi_srll                 
0000c94e  __mspabi_srll_1               
0000c918  __mspabi_srll_10              
0000c912  __mspabi_srll_11              
0000c90c  __mspabi_srll_12              
0000c906  __mspabi_srll_13              
0000c900  __mspabi_srll_14              
0000c8fa  __mspabi_srll_15              
0000c948  __mspabi_srll_2               
0000c942  __mspabi_srll_3               
0000c93c  __mspabi_srll_4               
0000c936  __mspabi_srll_5               
0000c930  __mspabi_srll_6               
0000c92a  __mspabi_srll_7               
0000c924  __mspabi_srll_8               
0000c91e  __mspabi_srll_9               
0000cb9e  __mspabi_subd                 
0000cc98  _c_int00_noargs               
0000fffe  _reset_vector                 
000003b0  _stack                        
0000cdb2  _system_post_cinit            
0000cdae  _system_pre_init              
0000cda8  abort                         
0000cc50  main                          
0000cd36  memcpy                        


GLOBAL SYMBOLS: SORTED BY Symbol Address 

address   name                          
-------   ----                          
00000000  IE1                           
00000001  IE2                           
00000002  IFG1                          
00000003  IFG2                          
00000010  P3REN                         
00000018  P3IN                          
00000019  P3OUT                         
0000001a  P3DIR                         
0000001b  P3SEL                         
00000020  P1IN                          
00000021  P1OUT                         
00000022  P1DIR                         
00000023  P1IFG                         
00000024  P1IES                         
00000025  P1IE                          
00000026  P1SEL                         
00000027  P1REN                         
00000028  P2IN                          
00000029  P2OUT                         
0000002a  P2DIR                         
0000002b  P2IFG                         
0000002c  P2IES                         
0000002d  P2IE                          
0000002e  P2SEL                         
0000002f  P2REN                         
00000041  P1SEL2                        
00000042  P2SEL2                        
00000043  P3SEL2                        
00000048  ADC10DTC0                     
00000049  ADC10DTC1                     
0000004a  ADC10AE0                      
00000050  __STACK_SIZE                  
00000053  BCSCTL3                       
00000056  DCOCTL                        
00000057  BCSCTL1                       
00000058  BCSCTL2                       
00000059  CACTL1                        
0000005a  CACTL2                        
0000005b  CAPD                          
0000005d  UCA0ABCTL                     
0000005e  UCA0IRTCTL                    
0000005f  UCA0IRRCTL                    
00000060  UCA0CTL0                      
00000061  UCA0CTL1                      
00000062  UCA0BR0                       
00000063  UCA0BR1                       
00000064  UCA0MCTL                      
00000065  UCA0STAT                      
00000066  UCA0RXBUF                     
00000067  UCA0TXBUF                     
00000068  UCB0CTL0                      
00000069  UCB0CTL1                      
0000006a  UCB0BR0                       
0000006b  UCB0BR1                       
0000006c  UCB0I2CIE                     
0000006d  UCB0STAT                      
0000006e  UCB0RXBUF                     
0000006f  UCB0TXBUF                     
00000118  UCB0I2COA                     
0000011a  UCB0I2CSA                     
0000011e  TA1IV                         
00000120  WDTCTL                        
00000128  FCTL1                         
0000012a  FCTL2                         
0000012c  FCTL3                         
0000012e  TA0IV                         
00000160  TA0CTL                        
00000162  TA0CCTL0                      
00000164  TA0CCTL1                      
00000166  TA0CCTL2                      
00000170  TA0R                          
00000172  TA0CCR0                       
00000174  TA0CCR1                       
00000176  TA0CCR2                       
00000180  TA1CTL                        
00000182  TA1CCTL0                      
00000184  TA1CCTL1                      
00000186  TA1CCTL2                      
00000190  TA1R                          
00000192  TA1CCR0                       
00000194  TA1CCR1                       
00000196  TA1CCR2                       
000001b0  ADC10CTL0                     
000001b2  ADC10CTL1                     
000001b4  ADC10MEM                      
000001bc  ADC10SA                       
00000200  CPU_freq                      
000003b0  _stack                        
00000400  __STACK_END                   
000010c0  TLV_CHECKSUM                  
000010da  TLV_ADC10_1_TAG               
000010db  TLV_ADC10_1_LEN               
000010f6  TLV_DCO_30_TAG                
000010f7  TLV_DCO_30_LEN                
000010f8  CALDCO_16MHZ                  
000010f9  CALBC1_16MHZ                  
000010fa  CALDCO_12MHZ                  
000010fb  CALBC1_12MHZ                  
000010fc  CALDCO_8MHZ                   
000010fd  CALBC1_8MHZ                   
000010fe  CALDCO_1MHZ                   
000010ff  CALBC1_1MHZ                   
0000c000  __mspabi_addd                 
0000c2fa  __TI_frcaddd                  
0000c55a  __mspabi_cmpd                 
0000c636  __TI_renormd                  
0000c6f4  __mspabi_fltlid               
0000c7a0  Delay_us                      
0000c81c  __TI_decompress_lzss          
0000c898  MCLK_Init                     
0000c8fa  __mspabi_srll_15              
0000c900  __mspabi_srll_14              
0000c906  __mspabi_srll_13              
0000c90c  __mspabi_srll_12              
0000c912  __mspabi_srll_11              
0000c918  __mspabi_srll_10              
0000c91e  __mspabi_srll_9               
0000c924  __mspabi_srll_8               
0000c92a  __mspabi_srll_7               
0000c930  __mspabi_srll_6               
0000c936  __mspabi_srll_5               
0000c93c  __mspabi_srll_4               
0000c942  __mspabi_srll_3               
0000c948  __mspabi_srll_2               
0000c94e  __mspabi_srll_1               
0000c956  __mspabi_divul                
0000c956  __mspabi_remul                
0000c9ae  MCLK_DIV                      
0000c9fa  __mspabi_srli                 
0000ca08  __mspabi_srli_15              
0000ca0c  __mspabi_srli_14              
0000ca10  __mspabi_srli_13              
0000ca14  __mspabi_srli_12              
0000ca18  __mspabi_srli_11              
0000ca1c  __mspabi_srli_10              
0000ca20  __mspabi_srli_9               
0000ca24  __mspabi_srli_8               
0000ca28  __mspabi_srli_7               
0000ca2c  __mspabi_srli_6               
0000ca30  __mspabi_srli_5               
0000ca34  __mspabi_srli_4               
0000ca38  __mspabi_srli_3               
0000ca3c  __mspabi_srli_2               
0000ca40  __mspabi_srli_1               
0000ca46  __TI_auto_init_nobinit_nopinit
0000ca88  __mspabi_divli                
0000ca88  __mspabi_remli                
0000cac8  __mspabi_slll_15              
0000cacc  __mspabi_slll_14              
0000cad0  __mspabi_slll_13              
0000cad4  __mspabi_slll_12              
0000cad8  __mspabi_slll_11              
0000cadc  __mspabi_slll_10              
0000cae0  __mspabi_slll_9               
0000cae4  __mspabi_slll_8               
0000cae8  __mspabi_slll_7               
0000caec  __mspabi_slll_6               
0000caf0  __mspabi_slll_5               
0000caf4  __mspabi_slll_4               
0000caf8  __mspabi_slll_3               
0000cafc  __mspabi_slll_2               
0000cb00  __mspabi_slll_1               
0000cb06  BCS_Init                      
0000cb3c  DCO_Adjust                    
0000cb6e  ACLK_DIV                      
0000cb9e  __mspabi_subd                 
0000cbcc  SMCLK_DIV                     
0000cbf8  __mspabi_srai                 
0000cc04  __mspabi_srai_15              
0000cc06  __mspabi_srai_14              
0000cc08  __mspabi_srai_13              
0000cc0a  __mspabi_srai_12              
0000cc0c  __mspabi_srai_11              
0000cc0e  __mspabi_srai_10              
0000cc10  __mspabi_srai_9               
0000cc12  __mspabi_srai_8               
0000cc14  __mspabi_srai_7               
0000cc16  __mspabi_srai_6               
0000cc18  __mspabi_srai_5               
0000cc1a  __mspabi_srai_4               
0000cc1c  __mspabi_srai_3               
0000cc1e  __mspabi_srai_2               
0000cc20  __mspabi_srai_1               
0000cc24  __mspabi_slli                 
0000cc30  __mspabi_slli_15              
0000cc32  __mspabi_slli_14              
0000cc34  __mspabi_slli_13              
0000cc36  __mspabi_slli_12              
0000cc38  __mspabi_slli_11              
0000cc3a  __mspabi_slli_10              
0000cc3c  __mspabi_slli_9               
0000cc3e  __mspabi_slli_8               
0000cc40  __mspabi_slli_7               
0000cc42  __mspabi_slli_6               
0000cc44  __mspabi_slli_5               
0000cc46  __mspabi_slli_4               
0000cc48  __mspabi_slli_3               
0000cc4a  __mspabi_slli_2               
0000cc4c  __mspabi_slli_1               
0000cc50  main                          
0000cc7a  P1_Interrupt                  
0000cc98  _c_int00_noargs               
0000ccb4  NMI_Interrupt                 
0000ccce  WDT_Interrupt                 
0000cce8  GPIO_Interrupt_Scan           
0000ccfe  GPIO_Init                     
0000cd12  __TI_decompress_none          
0000cd24  __mspabi_srll                 
0000cd36  memcpy                        
0000cd48  __mspabi_sral                 
0000cd58  __mspabi_slll                 
0000cd68  __mspabi_func_epilog_7        
0000cd6a  __mspabi_func_epilog_6        
0000cd6c  __mspabi_func_epilog_5        
0000cd6e  __mspabi_func_epilog_4        
0000cd70  __mspabi_func_epilog_3        
0000cd72  __mspabi_func_epilog_2        
0000cd74  __mspabi_func_epilog_1        
0000cd78  NMI_Interrupt_Init            
0000cd86  ACLK_Init                     
0000cd92  NMI_Interrupt_Function        
0000cd9a  __TI_ISR_TRAP                 
0000cda2  WDT_Interrupt_Function        
0000cda8  C$$EXIT                       
0000cda8  abort                         
0000cdae  _system_pre_init              
0000cdb2  _system_post_cinit            
0000cdbc  __TI_Handler_Table_Base       
0000cdc0  __TI_CINIT_Base               
0000cdc0  __TI_Handler_Table_Limit      
0000cdc4  __TI_CINIT_Limit              
0000ffe0  __TI_int00                    
0000ffe4  __TI_int02                    
0000ffe6  __TI_int03                    
0000ffea  __TI_int05                    
0000ffec  __TI_int06                    
0000ffee  __TI_int07                    
0000fff0  __TI_int08                    
0000fff2  __TI_int09                    
0000fff4  __TI_int10                    
0000fff6  __TI_int11                    
0000fff8  __TI_int12                    
0000fffa  __TI_int13                    
0000fffc  __TI_int14                    
0000fffe  _reset_vector                 
ffffffff  __TI_pprof_out_hndl           
ffffffff  __TI_prof_data_size           
ffffffff  __TI_prof_data_start          
ffffffff  __c_args__                    

[249 symbols]
